<html>
<head>
    <style>p {
    width: 200px;
}</style>
</head>
<body>
    <p style="width: 200px;">none</p>
</body>
</html>
