<html>
<head>
    <style>
@media all {
  p {
    width: 100px;
  }
}
</style>
</head>
<body>
    <p style="width: 200px;">none</p>
</body>
</html>
