<html><body>
<a id="a" style="background: blue; border-style: dashed; color: red;">woot</a>
</body></html>
